// Jest Snapshot v1, https://goo.gl/fbAQLP

exports[`SomeComponent component Shallow rendering 1`] = `
<View
  style={
    Array [
      Object {
        "backgroundColor": "#f2f2f2",
        "height": 1.9617647058823529,
        "width": "100%",
      },
      Object {},
    ]
  }
/>
`;
