// Jest Snapshot v1, https://goo.gl/fbAQLP

exports[`SomeComponent component Shallow rendering 1`] = `
<Image
  source={
    Object {
      "testUri": "../../../src/assets/icons/EU.png",
    }
  }
  style={Object {}}
/>
`;
